[    0.0s 67/0MB] to build [] ['israel', 'promise']
[    0.0s 67/0MB] download https://download.geofabrik.de/asia/israel-and-palestine-latest.osm.pbf
[    8.4s 71/0MB] $ osmium tags-filter -O /home/runner/work/chchchains/chchchains/.mapwork/israel.osm.pbf r/boundary=administrative n/place=city,town -o /home/runner/work/chchchains/chchchains/.mapwork/admin.osm.pbf
[   12.0s 71/1896MB] $ osmium export -O -f geojsonseq -x print_record_separator=false /home/runner/work/chchchains/chchchains/.mapwork/admin.osm.pbf -o /home/runner/work/chchchains/chchchains/.mapwork/admin.geojsonseq
[   12.6s 126/1896MB] resolved 0 missing []
[   12.6s 126/1896MB] download https://raw.githubusercontent.com/nvkelso/natural-earth-vector/master/geojson/ne_10m_land.geojson
[   12.9s 207/1896MB] download https://raw.githubusercontent.com/nvkelso/natural-earth-vector/master/geojson/ne_10m_lakes.geojson
[   13.1s 254/1896MB] download https://raw.githubusercontent.com/nvkelso/natural-earth-vector/master/geojson/ne_10m_rivers_lake_centerlines.geojson
[   13.3s 288/1896MB] download https://raw.githubusercontent.com/nvkelso/natural-earth-vector/master/geojson/ne_10m_admin_0_boundary_lines_land.geojson
[   13.5s 295/1896MB] download https://raw.githubusercontent.com/nvkelso/natural-earth-vector/master/geojson/ne_10m_admin_0_countries.geojson
[   13.9s 419/1896MB] download https://raw.githubusercontent.com/nvkelso/natural-earth-vector/master/geojson/ne_10m_populated_places.geojson
[   14.6s 560/1896MB] download https://raw.githubusercontent.com/nvkelso/natural-earth-vector/master/geojson/ne_10m_roads.geojson
[   15.8s 811/1896MB] $ osmium tags-filter -O /home/runner/work/chchchains/chchchains/.mapwork/israel.osm.pbf w/highway=motorway,trunk,primary,secondary w/railway=rail w/waterway=river n/place=city,town -o /home/runner/work/chchchains/chchchains/.mapwork/country.osm.pbf
[   18.4s 811/1958MB] $ osmium export -O -f geojsonseq -x print_record_separator=false /home/runner/work/chchchains/chchchains/.mapwork/country.osm.pbf -o /home/runner/work/chchchains/chchchains/.mapwork/country.geojsonseq
[   20.6s 1022/1958MB] region israel outline from osm+ne
[   37.6s 1178/1958MB] region {"id": "israel", "kb": 1114, "outline": "osm+ne", "area": 28478, "R": 4476, "E": 4640, "roads": [14579, 17900, 0], "places": 103, "rivers": 84, "water": 3, "contours": 262, "step": 100, "green": 7, "borders": 108, "sat": true, "pois": 103}
[   38.4s 1178/1958MB] region promise outline from polygon
[   48.1s 1182/1958MB] region {"id": "promise", "kb": 403, "outline": "polygon", "area": 375371, "R": 4902, "E": 4692, "roads": [259, 10, 392], "places": 38, "rivers": 24, "water": 15, "contours": 480, "step": 200, "green": 13, "borders": 94, "sat": true, "pois": 38}
[   48.5s 1182/1958MB] done 55 maps, 2 big maps; []
exit code 0
